
Allocating common symbols
Common symbol       size              file

Gshort              0x2               aDemo.o
SystemCoreClock     0x4               cMain.o
Gchar               0x1               aDemo.o
Cint                0x4               cMain.o
Gint                0x4               aDemo.o
Garray              0x100             aDemo.o
msTicks             0x4               cMain.o

Memory Configuration

Name             Origin             Length             Attributes
*default*        0x00000000         0xffffffff

Linker script and memory map


.flash          0x08000000      0x7b8
 *(.cs3.interrupt_vector)
 .cs3.interrupt_vector
                0x08000000       0x40 aStartup.o
 *(.text .text.*)
 .text          0x08000040       0x62 aStartup.o
                0x08000040                Reset_Handler
 *fill*         0x080000a2        0x2 
 .text          0x080000a4      0x1d0 aDemo.o
                0x080000a4                testmacro
                0x080000b2                CortexM4asmOps_init
                0x080000de                asmLDR_examples
                0x080000e0                asmSTR_examples
                0x080000e2                CortexM4asmOps_test1
                0x08000102                asmDelay
                0x08000116                doJump
                0x08000144                ROMdata
 .text          0x08000274      0x180 cLED.o
                0x08000274                LED_Init
                0x08000340                LED_On
                0x08000374                LED_Off
                0x080003a8                LED_Out
 .text          0x080003f4      0x3b4 cMain.o
                0x080003f4                SystemCoreClockUpdate
                0x080005e8                SysTick_Handler
                0x0800060c                Delay
                0x08000644                BTN_Init
                0x080006c8                BTN_Get
                0x080006e4                main
 *(.rodata .rodata.*)
 .rodata        0x080007a8       0x10 cLED.o
                0x080007a8                led_mask
                0x080007b8                __sidata = .

.glue_7         0x080007b8        0x0
 .glue_7        0x00000000        0x0 linker stubs

.glue_7t        0x080007b8        0x0
 .glue_7t       0x00000000        0x0 linker stubs

.vfp11_veneer   0x080007b8        0x0
 .vfp11_veneer  0x00000000        0x0 linker stubs

.v4_bx          0x080007b8        0x0
 .v4_bx         0x00000000        0x0 linker stubs

.iplt           0x080007b8        0x0
 .iplt          0x00000000        0x0 aStartup.o

.igot.plt       0x080007b8        0x0
 .igot.plt      0x00000000        0x0 aStartup.o

.rel.dyn        0x080007b8        0x0
 .rel.iplt      0x00000000        0x0 aStartup.o

.data_at_ram    0x20000000      0x120 load address 0x080007b8
                0x20000000                __sdata = .
 *(.data .data.*)
 .data          0x20000000        0x0 aStartup.o
 .data          0x20000000       0x10 aDemo.o
                0x20000000                Dint
 .data          0x20000010        0x0 cLED.o
 .data          0x20000010        0x0 cMain.o
                0x20000010                __edata = .
                0x20000010                __sbss = .
 *(.bss .bss.*)
 .bss           0x20000010        0x0 aStartup.o
 .bss           0x20000010      0x110 aDemo.o
 .bss           0x20000120        0x0 cLED.o
 .bss           0x20000120        0x0 cMain.o
                0x20000120                __ebss = .
                0x20020000                __cs3_stack = 0x20020000
LOAD aStartup.o
LOAD aDemo.o
LOAD cLED.o
LOAD cMain.o
LOAD c:/yagarto/bin/../lib/gcc/arm-none-eabi/4.7.2\libgcc.a
START GROUP
LOAD c:/yagarto/bin/../lib/gcc/arm-none-eabi/4.7.2\libgcc.a
LOAD c:/yagarto/bin/../lib/gcc/arm-none-eabi/4.7.2/../../../../arm-none-eabi/lib\libg.a
LOAD c:/yagarto/bin/../lib/gcc/arm-none-eabi/4.7.2/../../../../arm-none-eabi/lib\libc.a
END GROUP
OUTPUT(Blinky.elf elf32-littlearm)

.ARM.attributes
                0x00000000       0x2f
 .ARM.attributes
                0x00000000       0x21 aStartup.o
 .ARM.attributes
                0x00000021       0x21 aDemo.o
 .ARM.attributes
                0x00000042       0x33 cLED.o
 .ARM.attributes
                0x00000075       0x33 cMain.o

.comment        0x00000000       0x11
 .comment       0x00000000       0x11 cLED.o
                                 0x12 (size before relaxing)
 .comment       0x00000000       0x12 cMain.o

.debug_line     0x00000000      0x278
 .debug_line    0x00000000       0x63 aStartup.o
 .debug_line    0x00000063       0x94 aDemo.o
 .debug_line    0x000000f7       0x97 cLED.o
 .debug_line    0x0000018e       0xea cMain.o

.debug_info     0x00000000      0xeb9
 .debug_info    0x00000000       0x7e aStartup.o
 .debug_info    0x0000007e       0x7a aDemo.o
 .debug_info    0x000000f8      0x3b6 cLED.o
 .debug_info    0x000004ae      0xa0b cMain.o

.debug_abbrev   0x00000000      0x2ea
 .debug_abbrev  0x00000000       0x14 aStartup.o
 .debug_abbrev  0x00000014       0x14 aDemo.o
 .debug_abbrev  0x00000028      0x105 cLED.o
 .debug_abbrev  0x0000012d      0x1bd cMain.o

.debug_aranges  0x00000000       0x80
 .debug_aranges
                0x00000000       0x20 aStartup.o
 .debug_aranges
                0x00000020       0x20 aDemo.o
 .debug_aranges
                0x00000040       0x20 cLED.o
 .debug_aranges
                0x00000060       0x20 cMain.o

.bss            0x20000120      0x11c load address 0x080008e0
 COMMON         0x20000120      0x110 aDemo.o
                0x20000120                Gshort
                0x20000122                Gchar
                0x20000124                Gint
                0x20000130                Garray
 COMMON         0x20000230        0xc cMain.o
                0x20000230                SystemCoreClock
                0x20000234                Cint
                0x20000238                msTicks

.debug_loc      0x00000000      0x270
 .debug_loc     0x00000000       0xd4 cLED.o
 .debug_loc     0x000000d4      0x19c cMain.o

.debug_str      0x00000000      0x8a2
 .debug_str     0x00000000      0x221 cLED.o
                                0x25a (size before relaxing)
 .debug_str     0x00000221      0x681 cMain.o
                                0x8b0 (size before relaxing)

.debug_frame    0x00000000      0x16c
 .debug_frame   0x00000000       0x80 cLED.o
 .debug_frame   0x00000080       0xec cMain.o
