
Allocating common symbols
Common symbol       size              file

Gshort              0x2               aDemo.o
SystemCoreClock     0x4               cMain.o
Gchar               0x1               aDemo.o
Cint                0x4               cMain.o
Gint                0x4               aDemo.o
Garray              0x100             aDemo.o
msTicks             0x4               cMain.o

Memory Configuration

Name             Origin             Length             Attributes
*default*        0x00000000         0xffffffff

Linker script and memory map


.flash          0x08000000     0x2fa4
 *(.cs3.interrupt_vector)
 .cs3.interrupt_vector
                0x08000000       0x40 aStartup.o
 *(.text .text.*)
 .text          0x08000040       0x62 aStartup.o
                0x08000040                Reset_Handler
 *fill*         0x080000a2        0x2 
 .text          0x080000a4      0x2d4 aDemo.o
                0x080000a4                testmacro
                0x080000b2                CortexM4asmOps_init
                0x080000de                asmLDR_examples
                0x080000e0                asmSTR_examples
                0x080000e2                CortexM4asmOps_test1
                0x08000102                MyasmDelay
                0x0800011a                asmLED_ON
                0x08000132                asmLED_OFF
                0x0800014a                sub_uchar_from_quad_asm
                0x0800018a                test_update_mask32
                0x080001ac                test_op
                0x080001b2                atoi
                0x08000216                doJump
                0x08000244                ROMdata
 .text          0x08000378      0x990 cLED.o
                0x08000378                switch_init
                0x080006dc                SEG7_Init
                0x08000b88                LED_Init
                0x08000c54                LED_On
                0x08000c88                LED_Off
                0x08000cbc                LED_Out
 .text          0x08000d08     0x228c cMain.o
                0x08000d08                SystemCoreClockUpdate
                0x08000efc                SysTick_Handler
                0x08000f34                switch_debounce_handler
                0x0800101c                switch_queue_handler
                0x0800107c                mode_handler
                0x080010f4                freq_mode_handler
                0x080011c0                display_frequency
                0x080012b4                test_mode_handler
                0x080012e4                display_intensity
                0x080013c4                switch_cluster_handler
                0x08001404                switch_handler
                0x08001804                Delay
                0x0800183c                BTN_Init
                0x080018c0                BTN_Get
                0x080018dc                sub_uchar_from_quad_example
                0x0800198c                seg7_handler
                0x08001ab8                seg7_update
                0x08002e88                main
 *(.rodata .rodata.*)
 .rodata        0x08002f94       0x10 cLED.o
                0x08002f94                led_mask
                0x08002fa4                __sidata = .

.glue_7         0x08002fa4        0x0
 .glue_7        0x00000000        0x0 linker stubs

.glue_7t        0x08002fa4        0x0
 .glue_7t       0x00000000        0x0 linker stubs

.vfp11_veneer   0x08002fa4        0x0
 .vfp11_veneer  0x00000000        0x0 linker stubs

.v4_bx          0x08002fa4        0x0
 .v4_bx         0x00000000        0x0 linker stubs

.iplt           0x08002fa4        0x0
 .iplt          0x00000000        0x0 aStartup.o

.igot.plt       0x08002fa4        0x0
 .igot.plt      0x00000000        0x0 aStartup.o

.rel.dyn        0x08002fa4        0x0
 .rel.iplt      0x00000000        0x0 aStartup.o

.data_at_ram    0x20000000      0x1b8 load address 0x08002fa4
                0x20000000                __sdata = .
 *(.data .data.*)
 .data          0x20000000        0x0 aStartup.o
 .data          0x20000000       0x10 aDemo.o
                0x20000000                Dint
                0x20000007                mask32
 .data          0x20000010        0x0 cLED.o
 .data          0x20000010       0x28 cMain.o
                0x20000010                SEG7_COUNTER
                0x20000014                SEG7_DIGIT1
                0x20000018                SEG7_DIGIT2
                0x2000001c                SEG7_DIGIT3
                0x20000020                SEG7_DIGIT4
                0x20000024                SEG7_COLON_DEGREE
                0x20000028                LED_GREEN
                0x2000002c                LED_RED
                0x20000030                FREQ_VAL
                0x20000034                TEST_VAL
                0x20000038                __edata = .
                0x20000038                __sbss = .
 *(.bss .bss.*)
 .bss           0x20000038        0x0 aStartup.o
 *fill*         0x20000038        0x8 
 .bss           0x20000040      0x110 aDemo.o
 .bss           0x20000150        0x0 cLED.o
 .bss           0x20000150       0x68 cMain.o
                0x20000150                SWITCHES
                0x20000154                SWITCH_QUEUE
                0x200001a4                SWITCH_COUNTER
                0x200001a8                SWITCH_DEBOUNCE
                0x200001ac                SW_READ_ODD
                0x200001b0                SW_READ_EVEN
                0x200001b4                MODE
                0x200001b8                __ebss = .
                0x20020000                __cs3_stack = 0x20020000
LOAD aStartup.o
LOAD aDemo.o
LOAD cLED.o
LOAD cMain.o
LOAD c:/yagarto/bin/../lib/gcc/arm-none-eabi/4.7.2\libgcc.a
START GROUP
LOAD c:/yagarto/bin/../lib/gcc/arm-none-eabi/4.7.2\libgcc.a
LOAD c:/yagarto/bin/../lib/gcc/arm-none-eabi/4.7.2/../../../../arm-none-eabi/lib\libg.a
LOAD c:/yagarto/bin/../lib/gcc/arm-none-eabi/4.7.2/../../../../arm-none-eabi/lib\libc.a
END GROUP
OUTPUT(Blinky.elf elf32-littlearm)

.ARM.attributes
                0x00000000       0x2f
 .ARM.attributes
                0x00000000       0x21 aStartup.o
 .ARM.attributes
                0x00000021       0x21 aDemo.o
 .ARM.attributes
                0x00000042       0x33 cLED.o
 .ARM.attributes
                0x00000075       0x33 cMain.o

.comment        0x00000000       0x11
 .comment       0x00000000       0x11 cLED.o
                                 0x12 (size before relaxing)
 .comment       0x00000000       0x12 cMain.o

.debug_line     0x00000000      0x4df
 .debug_line    0x00000000       0x63 aStartup.o
 .debug_line    0x00000063       0xe8 aDemo.o
 .debug_line    0x0000014b       0xea cLED.o
 .debug_line    0x00000235      0x2aa cMain.o

.debug_info     0x00000000     0x1373
 .debug_info    0x00000000       0x7e aStartup.o
 .debug_info    0x0000007e       0x7a aDemo.o
 .debug_info    0x000000f8      0x3e7 cLED.o
 .debug_info    0x000004df      0xe94 cMain.o

.debug_abbrev   0x00000000      0x3e4
 .debug_abbrev  0x00000000       0x14 aStartup.o
 .debug_abbrev  0x00000014       0x14 aDemo.o
 .debug_abbrev  0x00000028      0x11b cLED.o
 .debug_abbrev  0x00000143      0x2a1 cMain.o

.debug_aranges  0x00000000       0x80
 .debug_aranges
                0x00000000       0x20 aStartup.o
 .debug_aranges
                0x00000020       0x20 aDemo.o
 .debug_aranges
                0x00000040       0x20 cLED.o
 .debug_aranges
                0x00000060       0x20 cMain.o

.bss            0x200001c0      0x11c load address 0x08003170
 COMMON         0x200001c0      0x110 aDemo.o
                0x200001c0                Gshort
                0x200001c2                Gchar
                0x200001c4                Gint
                0x200001d0                Garray
 COMMON         0x200002d0        0xc cMain.o
                0x200002d0                SystemCoreClock
                0x200002d4                Cint
                0x200002d8                msTicks

.debug_loc      0x00000000      0x520
 .debug_loc     0x00000000      0x12c cLED.o
 .debug_loc     0x0000012c      0x3f4 cMain.o

.debug_str      0x00000000      0xa86
 .debug_str     0x00000000      0x237 cLED.o
                                0x270 (size before relaxing)
 .debug_str     0x00000237      0x84f cMain.o
                                0xaa7 (size before relaxing)

.debug_frame    0x00000000      0x2f0
 .debug_frame   0x00000000       0xb0 cLED.o
 .debug_frame   0x000000b0      0x240 cMain.o
